1+1 is 2.